/home/3295540/.conda/envs/lda_eval/lib/python3.10/site-packages/albumentations/__init__.py:13: UserWarning: A new version of Albumentations is available: 2.0.8 (you have 1.4.18). Upgrade using: pip install -U albumentations. To disable automatic update checks, set the environment variable NO_ALBUMENTATIONS_UPDATE to 1.
  check_for_updates()
07/31 [23:18:33] INFO     | >> [*] Loading from local         share_tools.py:264
                          checkpoint path                                       
                          `outputs/lda_bridge_griptest/bridge                   
                          _griptest/checkpoints/steps_4000_py                   
                          torch_model.pt`                                       
Loading checkpoint shards:   0%|          | 0/2 [00:00<?, ?it/s]Loading checkpoint shards: 100%|██████████| 2/2 [00:00<00:00, 11.15it/s]Loading checkpoint shards: 100%|██████████| 2/2 [00:00<00:00, 11.00it/s]
Total number of DiT parameters:  1772973056
Initialized dataset bridge_lda with EmbodimentTag.OXE

samples: 200
ground truth: open(1) 100, closed(0) 100
prediction:   min -0.041  max 1.047  mean 0.479

agreement, as-is      :  91.5%   (50% = chance on a balanced set)
agreement, inverted   :   8.5%
correlation with truth: +0.837
mean score | truth=open  : 0.887
mean score | truth=closed: 0.072   (separation +0.815)

VERDICT: as-is reading is correct -> leave invert_gripper=False.
GRIP_EXIT=0
