/home/3295540/.conda/envs/lda_eval/lib/python3.10/site-packages/albumentations/__init__.py:13: UserWarning: A new version of Albumentations is available: 2.0.8 (you have 1.4.18). Upgrade using: pip install -U albumentations. To disable automatic update checks, set the environment variable NO_ALBUMENTATIONS_UPDATE to 1.
  check_for_updates()
07/26 [14:39:11] INFO     | >> [*] Loading from local         share_tools.py:264
                          checkpoint path                                       
                          `/mnt/beegfsnew/scratch/3295540/LDA                   
                          -1B/outputs/lda_bridge/bridge_finet                   
                          une/checkpoints/steps_150000_pytorc                   
                          h_model.pt`                                           
Loading checkpoint shards:   0%|          | 0/2 [00:00<?, ?it/s]Loading checkpoint shards: 100%|██████████| 2/2 [00:00<00:00,  9.90it/s]Loading checkpoint shards: 100%|██████████| 2/2 [00:00<00:00,  9.76it/s]
Total number of DiT parameters:  1772973056
Initialized dataset bridge_lda with EmbodimentTag.OXE

samples: 200
ground truth: open(1) 100, closed(0) 100
prediction:   min -0.015  max 1.023  mean 0.495

agreement, as-is      :  93.0%   (50% = chance on a balanced set)
agreement, inverted   :   7.0%
correlation with truth: +0.863
mean score | truth=open  : 0.919
mean score | truth=closed: 0.071   (separation +0.849)

VERDICT: as-is reading is correct -> leave invert_gripper=False.
GRIP_EXIT=0
