/home/3295540/.conda/envs/lda_eval/lib/python3.10/site-packages/albumentations/__init__.py:13: UserWarning: A new version of Albumentations is available: 2.0.8 (you have 1.4.18). Upgrade using: pip install -U albumentations. To disable automatic update checks, set the environment variable NO_ALBUMENTATIONS_UPDATE to 1.
  check_for_updates()
Initialized dataset bridge_lda with EmbodimentTag.OXE
07/26 [04:38:57] INFO     | >> [*] Loading from local         share_tools.py:264
                          checkpoint path                                       
                          `/mnt/beegfsnew/scratch/3295540/LDA                   
                          -1B/outputs/lda_bridge/bridge_finet                   
                          une/checkpoints/steps_70000_pytorch                   
                          _model.pt`                                            
Loading checkpoint shards:   0%|          | 0/2 [00:00<?, ?it/s]Loading checkpoint shards: 100%|██████████| 2/2 [00:00<00:00, 10.40it/s]Loading checkpoint shards: 100%|██████████| 2/2 [00:00<00:00, 10.24it/s]
Total number of DiT parameters:  1772973056
evaluating 12 trajectories of 51107 eligible
inferencing at step:  0
inferencing at step:  16
inferencing at step:  32
gt_action_across_time saved to outputs/probe_ft70k/traj_17588/gt_action_across_time.npy
pred_action_across_time saved to outputs/probe_ft70k/traj_17588/pred_action_across_time.npy
states_across_time saved to outputs/probe_ft70k/traj_17588/states_across_time.npy
Position L1 Loss:     0.025075
Orientation L1 Loss:  0.039147
Gripper L1 Loss:      0.703253
Creating visualization...
saving plot to outputs/probe_ft70k/traj_17588/plot_traj.png
traj 17588: pos=0.05015 (stay-still 0.05313) rot=0.07829 grip=0.495 right_pred_max=1.000
inferencing at step:  0
inferencing at step:  16
gt_action_across_time saved to outputs/probe_ft70k/traj_40715/gt_action_across_time.npy
pred_action_across_time saved to outputs/probe_ft70k/traj_40715/pred_action_across_time.npy
states_across_time saved to outputs/probe_ft70k/traj_40715/states_across_time.npy
Position L1 Loss:     0.030368
Orientation L1 Loss:  0.058292
Gripper L1 Loss:      0.541617
Creating visualization...
saving plot to outputs/probe_ft70k/traj_40715/plot_traj.png
traj 40715: pos=0.06074 (stay-still 0.07829) rot=0.11658 grip=0.157 right_pred_max=1.000
inferencing at step:  0
inferencing at step:  16
inferencing at step:  32
gt_action_across_time saved to outputs/probe_ft70k/traj_25904/gt_action_across_time.npy
pred_action_across_time saved to outputs/probe_ft70k/traj_25904/pred_action_across_time.npy
states_across_time saved to outputs/probe_ft70k/traj_25904/states_across_time.npy
Position L1 Loss:     0.020583
Orientation L1 Loss:  0.034913
Gripper L1 Loss:      0.720604
Creating visualization...
saving plot to outputs/probe_ft70k/traj_25904/plot_traj.png
traj 25904: pos=0.04117 (stay-still 0.04489) rot=0.06983 grip=0.506 right_pred_max=1.000
inferencing at step:  0
inferencing at step:  16
inferencing at step:  32
gt_action_across_time saved to outputs/probe_ft70k/traj_26087/gt_action_across_time.npy
pred_action_across_time saved to outputs/probe_ft70k/traj_26087/pred_action_across_time.npy
states_across_time saved to outputs/probe_ft70k/traj_26087/states_across_time.npy
Position L1 Loss:     0.013011
Orientation L1 Loss:  0.046617
Gripper L1 Loss:      0.607863
Creating visualization...
saving plot to outputs/probe_ft70k/traj_26087/plot_traj.png
traj 26087: pos=0.02602 (stay-still 0.04637) rot=0.09323 grip=0.299 right_pred_max=1.000
inferencing at step:  0
inferencing at step:  16
inferencing at step:  32
gt_action_across_time saved to outputs/probe_ft70k/traj_3961/gt_action_across_time.npy
pred_action_across_time saved to outputs/probe_ft70k/traj_3961/pred_action_across_time.npy
states_across_time saved to outputs/probe_ft70k/traj_3961/states_across_time.npy
Position L1 Loss:     0.017482
Orientation L1 Loss:  0.067943
Gripper L1 Loss:      0.522494
Creating visualization...
saving plot to outputs/probe_ft70k/traj_3961/plot_traj.png
traj 3961: pos=0.03496 (stay-still 0.04485) rot=0.13589 grip=0.109 right_pred_max=1.000
inferencing at step:  0
inferencing at step:  16
gt_action_across_time saved to outputs/probe_ft70k/traj_27334/gt_action_across_time.npy
pred_action_across_time saved to outputs/probe_ft70k/traj_27334/pred_action_across_time.npy
states_across_time saved to outputs/probe_ft70k/traj_27334/states_across_time.npy
Position L1 Loss:     0.025614
Orientation L1 Loss:  0.057683
Gripper L1 Loss:      0.781362
Creating visualization...
saving plot to outputs/probe_ft70k/traj_27334/plot_traj.png
traj 27334: pos=0.05123 (stay-still 0.05748) rot=0.11537 grip=0.640 right_pred_max=1.000
inferencing at step:  0
inferencing at step:  16
inferencing at step:  32
gt_action_across_time saved to outputs/probe_ft70k/traj_3241/gt_action_across_time.npy
pred_action_across_time saved to outputs/probe_ft70k/traj_3241/pred_action_across_time.npy
states_across_time saved to outputs/probe_ft70k/traj_3241/states_across_time.npy
Position L1 Loss:     0.017954
Orientation L1 Loss:  0.053976
Gripper L1 Loss:      0.494786
Creating visualization...
saving plot to outputs/probe_ft70k/traj_3241/plot_traj.png
traj 3241: pos=0.03591 (stay-still 0.04884) rot=0.10795 grip=0.061 right_pred_max=1.000
inferencing at step:  0
inferencing at step:  16
inferencing at step:  32
gt_action_across_time saved to outputs/probe_ft70k/traj_12159/gt_action_across_time.npy
pred_action_across_time saved to outputs/probe_ft70k/traj_12159/pred_action_across_time.npy
states_across_time saved to outputs/probe_ft70k/traj_12159/states_across_time.npy
Position L1 Loss:     0.023364
Orientation L1 Loss:  0.062066
Gripper L1 Loss:      0.891818
Creating visualization...
saving plot to outputs/probe_ft70k/traj_12159/plot_traj.png
traj 12159: pos=0.04673 (stay-still 0.03713) rot=0.12413 grip=0.869 right_pred_max=1.000
inferencing at step:  0
inferencing at step:  16
gt_action_across_time saved to outputs/probe_ft70k/traj_33151/gt_action_across_time.npy
pred_action_across_time saved to outputs/probe_ft70k/traj_33151/pred_action_across_time.npy
states_across_time saved to outputs/probe_ft70k/traj_33151/states_across_time.npy
Position L1 Loss:     0.011463
Orientation L1 Loss:  0.065668
Gripper L1 Loss:      0.709189
Creating visualization...
saving plot to outputs/probe_ft70k/traj_33151/plot_traj.png
traj 33151: pos=0.02293 (stay-still 0.01914) rot=0.13134 grip=0.514 right_pred_max=1.000
inferencing at step:  0
inferencing at step:  16
inferencing at step:  32
gt_action_across_time saved to outputs/probe_ft70k/traj_15814/gt_action_across_time.npy
pred_action_across_time saved to outputs/probe_ft70k/traj_15814/pred_action_across_time.npy
states_across_time saved to outputs/probe_ft70k/traj_15814/states_across_time.npy
Position L1 Loss:     0.016075
Orientation L1 Loss:  0.033517
Gripper L1 Loss:      0.707545
Creating visualization...
saving plot to outputs/probe_ft70k/traj_15814/plot_traj.png
traj 15814: pos=0.03215 (stay-still 0.04592) rot=0.06703 grip=0.480 right_pred_max=1.000
inferencing at step:  0
inferencing at step:  16
inferencing at step:  32
gt_action_across_time saved to outputs/probe_ft70k/traj_18519/gt_action_across_time.npy
pred_action_across_time saved to outputs/probe_ft70k/traj_18519/pred_action_across_time.npy
states_across_time saved to outputs/probe_ft70k/traj_18519/states_across_time.npy
Position L1 Loss:     0.015455
Orientation L1 Loss:  0.031779
Gripper L1 Loss:      0.596948
Creating visualization...
saving plot to outputs/probe_ft70k/traj_18519/plot_traj.png
traj 18519: pos=0.03091 (stay-still 0.05466) rot=0.06356 grip=0.275 right_pred_max=1.000
inferencing at step:  0
inferencing at step:  16
gt_action_across_time saved to outputs/probe_ft70k/traj_34457/gt_action_across_time.npy
pred_action_across_time saved to outputs/probe_ft70k/traj_34457/pred_action_across_time.npy
states_across_time saved to outputs/probe_ft70k/traj_34457/states_across_time.npy
Position L1 Loss:     0.014139
Orientation L1 Loss:  0.054923
Gripper L1 Loss:      0.638905
Creating visualization...
saving plot to outputs/probe_ft70k/traj_34457/plot_traj.png
traj 34457: pos=0.02828 (stay-still 0.02036) rot=0.10985 grip=0.373 right_pred_max=1.000

================ SUMMARY (left arm only) ================
trajectories:            12
position L1:             0.03843 m
  stay-still baseline:   0.04592 m
  model / baseline:      0.837   (<1 better than not moving)
  gt position spread:    0.14414 m
rotation L1:             0.10109 rad
gripper L1:              0.398  (0.5 = coin flip)
  if polarity inverted:  0.602
right-arm gt max:        0.000  (WidowX has none)
right-arm predicted max: 1.000  (invented motion)

wrote outputs/probe_ft70k/summary.json
PROBE2_EXIT=0
