/home/3295540/.conda/envs/lda/lib/python3.10/site-packages/albumentations/__init__.py:13: UserWarning: A new version of Albumentations is available: 2.0.8 (you have 1.4.18). Upgrade using: pip install -U albumentations. To disable automatic update checks, set the environment variable NO_ALBUMENTATIONS_UPDATE to 1.
  check_for_updates()
Initialized dataset bridge_lda with EmbodimentTag.OXE
07/24 [23:17:19] INFO     | >> [*] Loading from local         share_tools.py:264
                          checkpoint path                                       
                          `outputs/lda_pretrain_run/checkpoin                   
                          ts/LDA-pretrain.pt`                                   
Loading checkpoint shards:   0%|          | 0/2 [00:00<?, ?it/s]Loading checkpoint shards:  50%|█████     | 1/2 [00:00<00:00,  8.16it/s]Loading checkpoint shards: 100%|██████████| 2/2 [00:00<00:00,  6.48it/s]Loading checkpoint shards: 100%|██████████| 2/2 [00:00<00:00,  6.47it/s]
Total number of DiT parameters:  1772973056
evaluating 12 trajectories of 51107 eligible
inferencing at step:  0
inferencing at step:  16
inferencing at step:  32
gt_action_across_time saved to outputs/bridge_openloop/traj_17588/gt_action_across_time.npy
pred_action_across_time saved to outputs/bridge_openloop/traj_17588/pred_action_across_time.npy
states_across_time saved to outputs/bridge_openloop/traj_17588/states_across_time.npy
Position L1 Loss:     0.285888
Orientation L1 Loss:  0.375445
Gripper L1 Loss:      0.640462
Creating visualization...
saving plot to outputs/bridge_openloop/traj_17588/plot_traj.png
traj 17588: pos=0.57178 (stay-still 0.05313) rot=0.82759 grip=0.369 right_pred_max=1.000
inferencing at step:  0
inferencing at step:  16
gt_action_across_time saved to outputs/bridge_openloop/traj_40715/gt_action_across_time.npy
pred_action_across_time saved to outputs/bridge_openloop/traj_40715/pred_action_across_time.npy
states_across_time saved to outputs/bridge_openloop/traj_40715/states_across_time.npy
Position L1 Loss:     0.301052
Orientation L1 Loss:  0.458084
Gripper L1 Loss:      0.650144
Creating visualization...
saving plot to outputs/bridge_openloop/traj_40715/plot_traj.png
traj 40715: pos=0.60210 (stay-still 0.07829) rot=0.93067 grip=0.374 right_pred_max=1.000
inferencing at step:  0
inferencing at step:  16
inferencing at step:  32
gt_action_across_time saved to outputs/bridge_openloop/traj_25904/gt_action_across_time.npy
pred_action_across_time saved to outputs/bridge_openloop/traj_25904/pred_action_across_time.npy
states_across_time saved to outputs/bridge_openloop/traj_25904/states_across_time.npy
Position L1 Loss:     0.289605
Orientation L1 Loss:  0.411331
Gripper L1 Loss:      0.801887
Creating visualization...
saving plot to outputs/bridge_openloop/traj_25904/plot_traj.png
traj 25904: pos=0.57921 (stay-still 0.04489) rot=0.82266 grip=0.669 right_pred_max=1.000
inferencing at step:  0
inferencing at step:  16
inferencing at step:  32
gt_action_across_time saved to outputs/bridge_openloop/traj_26087/gt_action_across_time.npy
pred_action_across_time saved to outputs/bridge_openloop/traj_26087/pred_action_across_time.npy
states_across_time saved to outputs/bridge_openloop/traj_26087/states_across_time.npy
Position L1 Loss:     0.289131
Orientation L1 Loss:  0.401748
Gripper L1 Loss:      0.637569
Creating visualization...
saving plot to outputs/bridge_openloop/traj_26087/plot_traj.png
traj 26087: pos=0.57826 (stay-still 0.04637) rot=0.80564 grip=0.358 right_pred_max=1.000
inferencing at step:  0
inferencing at step:  16
inferencing at step:  32
gt_action_across_time saved to outputs/bridge_openloop/traj_3961/gt_action_across_time.npy
pred_action_across_time saved to outputs/bridge_openloop/traj_3961/pred_action_across_time.npy
states_across_time saved to outputs/bridge_openloop/traj_3961/states_across_time.npy
Position L1 Loss:     0.293022
Orientation L1 Loss:  0.405236
Gripper L1 Loss:      0.669719
Creating visualization...
saving plot to outputs/bridge_openloop/traj_3961/plot_traj.png
traj 3961: pos=0.58604 (stay-still 0.04485) rot=0.81237 grip=0.403 right_pred_max=1.000
inferencing at step:  0
inferencing at step:  16
gt_action_across_time saved to outputs/bridge_openloop/traj_27334/gt_action_across_time.npy
pred_action_across_time saved to outputs/bridge_openloop/traj_27334/pred_action_across_time.npy
states_across_time saved to outputs/bridge_openloop/traj_27334/states_across_time.npy
Position L1 Loss:     0.283658
Orientation L1 Loss:  0.485279
Gripper L1 Loss:      0.735610
Creating visualization...
saving plot to outputs/bridge_openloop/traj_27334/plot_traj.png
traj 27334: pos=0.56732 (stay-still 0.05748) rot=0.97056 grip=0.548 right_pred_max=1.000
inferencing at step:  0
inferencing at step:  16
inferencing at step:  32
gt_action_across_time saved to outputs/bridge_openloop/traj_3241/gt_action_across_time.npy
pred_action_across_time saved to outputs/bridge_openloop/traj_3241/pred_action_across_time.npy
states_across_time saved to outputs/bridge_openloop/traj_3241/states_across_time.npy
Position L1 Loss:     0.295935
Orientation L1 Loss:  0.368848
Gripper L1 Loss:      0.694080
Creating visualization...
saving plot to outputs/bridge_openloop/traj_3241/plot_traj.png
traj 3241: pos=0.59187 (stay-still 0.04884) rot=0.86981 grip=0.460 right_pred_max=1.000
inferencing at step:  0
inferencing at step:  16
inferencing at step:  32
gt_action_across_time saved to outputs/bridge_openloop/traj_12159/gt_action_across_time.npy
pred_action_across_time saved to outputs/bridge_openloop/traj_12159/pred_action_across_time.npy
states_across_time saved to outputs/bridge_openloop/traj_12159/states_across_time.npy
Position L1 Loss:     0.277526
Orientation L1 Loss:  0.388825
Gripper L1 Loss:      0.574267
Creating visualization...
saving plot to outputs/bridge_openloop/traj_12159/plot_traj.png
traj 12159: pos=0.55505 (stay-still 0.03713) rot=0.77765 grip=0.234 right_pred_max=1.000
inferencing at step:  0
inferencing at step:  16
gt_action_across_time saved to outputs/bridge_openloop/traj_33151/gt_action_across_time.npy
pred_action_across_time saved to outputs/bridge_openloop/traj_33151/pred_action_across_time.npy
states_across_time saved to outputs/bridge_openloop/traj_33151/states_across_time.npy
Position L1 Loss:     0.269857
Orientation L1 Loss:  0.379603
Gripper L1 Loss:      0.585276
Creating visualization...
saving plot to outputs/bridge_openloop/traj_33151/plot_traj.png
traj 33151: pos=0.53971 (stay-still 0.01914) rot=0.75986 grip=0.266 right_pred_max=1.000
inferencing at step:  0
inferencing at step:  16
inferencing at step:  32
gt_action_across_time saved to outputs/bridge_openloop/traj_15814/gt_action_across_time.npy
pred_action_across_time saved to outputs/bridge_openloop/traj_15814/pred_action_across_time.npy
states_across_time saved to outputs/bridge_openloop/traj_15814/states_across_time.npy
Position L1 Loss:     0.305997
Orientation L1 Loss:  0.406071
Gripper L1 Loss:      0.694881
Creating visualization...
saving plot to outputs/bridge_openloop/traj_15814/plot_traj.png
traj 15814: pos=0.61199 (stay-still 0.04592) rot=0.81568 grip=0.455 right_pred_max=1.000
inferencing at step:  0
inferencing at step:  16
inferencing at step:  32
gt_action_across_time saved to outputs/bridge_openloop/traj_18519/gt_action_across_time.npy
pred_action_across_time saved to outputs/bridge_openloop/traj_18519/pred_action_across_time.npy
states_across_time saved to outputs/bridge_openloop/traj_18519/states_across_time.npy
Position L1 Loss:     0.285496
Orientation L1 Loss:  0.380608
Gripper L1 Loss:      0.677253
Creating visualization...
saving plot to outputs/bridge_openloop/traj_18519/plot_traj.png
traj 18519: pos=0.57099 (stay-still 0.05466) rot=0.76426 grip=0.436 right_pred_max=1.000
inferencing at step:  0
inferencing at step:  16
gt_action_across_time saved to outputs/bridge_openloop/traj_34457/gt_action_across_time.npy
pred_action_across_time saved to outputs/bridge_openloop/traj_34457/pred_action_across_time.npy
states_across_time saved to outputs/bridge_openloop/traj_34457/states_across_time.npy
Position L1 Loss:     0.277780
Orientation L1 Loss:  0.400957
Gripper L1 Loss:      0.645281
Creating visualization...
saving plot to outputs/bridge_openloop/traj_34457/plot_traj.png
traj 34457: pos=0.55556 (stay-still 0.02036) rot=0.80633 grip=0.386 right_pred_max=1.000

================ SUMMARY (left arm only) ================
trajectories:            12
position L1:             0.57582 m
  stay-still baseline:   0.04592 m
  model / baseline:      12.539   (<1 better than not moving)
  gt position spread:    0.14414 m
rotation L1:             0.83026 rad
gripper L1:              0.413  (0.5 = coin flip)
  if polarity inverted:  0.587
right-arm gt max:        0.000  (WidowX has none)
right-arm predicted max: 1.000  (invented motion)

wrote outputs/bridge_openloop/summary.json
PROBE_EXIT=0
